
> tmp-app@0.1.0 build
> next build

Ôû▓ Next.js 16.1.6 (Turbopack)
- Environments: .env.local

node.exe : ÔÜá The 
"middleware" file 
convention is 
deprecated. Please 
use "proxy" instead. 
Learn more: https://ne
xtjs.org/docs/messages
/middleware-to-proxy
En línea: 1 Carácter: 
1
+ & "C:\Program Files\
nodejs/node.exe" 
"C:\Program 
Files\nodejs/node_mo 
...
+ ~~~~~~~~~~~~~~~~~~~~
~~~~~~~~~~~~~~~~~~~~~~
~~~~~~~~~~~~~~~~~~~~~~
~~~~~
    + CategoryInfo    
          : NotSpeci  
  fied: (ÔÜá The "m   
 iddle...leware-to    
-proxy:String) []    
, RemoteException
    + FullyQualifiedE 
   rrorId : NativeCo  
  mmandError
 
  Creating an optimized production build ...
Ô£ô Compiled successfully in 5.2s
  Running TypeScript ...
Failed to compile.

./lib/actions/unlock-l
ogic.ts:27:30
Type error: Property 
'totalLessons' does 
not exist on type '{ 
readonly 
totalLessons: 1; } | 
{ readonly 
totalLessons: 5; } | 
{ readonly 
totalLessons: 10; } | 
{ readonly perfectIn: 
"phonetics"; } | { 
readonly perfectIn: 
"story"; } | { 
readonly 
totalLessons: 20; }'.
  Property 
'totalLessons' does 
not exist on type '{ 
readonly perfectIn: 
"phonetics"; }'.

[0m [90m 25 |[39m  
       [36mif[39m (u
nlockedNames[33m.[39
mhas(reward[33m.[39m
name)) [36mcontinue[
39m[33m;[39m
 [90m 26 |[39m
[31m[1m>[22m[39m[
90m 27 |[39m         
[36mif[39m (reward[
33m.[39mcondition[33
m.[39mtotalLessons 
[33m&&[39m 
count[33m![39m 
[33m>=[39m reward[3
3m.[39mcondition[33m
.[39mtotalLessons) {
 [90m    |[39m      
                      
  [31m[1m^[22m[39m
 [90m 28 |[39m      
       [90m// 
┬íDesbloquear![39m
 [90m 29 |[39m      
       
[36mawait[39m supaba
se[33m.[39m[36mfrom
[39m([32m'rewards'[
39m)[33m.[39minsert(
{
 [90m 30 |[39m      
           
kid_id[33m:[39m 
kidId[33m,[39m[0m
Next.js build worker 
exited with code: 1 
and signal: null
